###############################################################################
#
# IAR ELF Linker V8.40.2.214/W32 for ARM                  17/Oct/2019  18:42:56
# Copyright 2007-2019 IAR Systems AB.
#
#    Output file  =
#        C:\Users\tsaor\Desktop\Laboratório\EK-TM4C1294_IAR8
#        (1)\EK-TM4C1294_IAR8\Projects\S11_G06_Lab2\Debug\Exe\S11_G06_LAB2.out
#    Map file     =
#        C:\Users\tsaor\Desktop\Laboratório\EK-TM4C1294_IAR8
#        (1)\EK-TM4C1294_IAR8\Projects\S11_G06_Lab2\Debug\List\S11_G06_LAB2.map
#    Command line =
#        -f C:\Users\tsaor\AppData\Local\Temp\EWA18F.tmp
#        ("C:\Users\tsaor\Desktop\Laboratório\EK-TM4C1294_IAR8
#        (1)\EK-TM4C1294_IAR8\Projects\S11_G06_Lab2\src\driverlib.a"
#        "C:\Users\tsaor\Desktop\Laboratório\EK-TM4C1294_IAR8
#        (1)\EK-TM4C1294_IAR8\Projects\S11_G06_Lab2\Debug\Obj\startup_TM4C1294.o"
#        "C:\Users\tsaor\Desktop\Laboratório\EK-TM4C1294_IAR8
#        (1)\EK-TM4C1294_IAR8\Projects\S11_G06_Lab2\Debug\Obj\system_TM4C1294_TW.o"
#        --no_out_extension -o
#        "C:\Users\tsaor\Desktop\Laboratório\EK-TM4C1294_IAR8
#        (1)\EK-TM4C1294_IAR8\Projects\S11_G06_Lab2\Debug\Exe\S11_G06_LAB2.out"
#        --map "C:\Users\tsaor\Desktop\Laboratório\EK-TM4C1294_IAR8
#        (1)\EK-TM4C1294_IAR8\Projects\S11_G06_Lab2\Debug\List\S11_G06_LAB2.map"
#        --config "C:\Program Files (x86)\IAR Systems\Embedded Workbench
#        8.3\arm\config\linker\TexasInstruments\TM4C129CNC.icf" --semihosting
#        --entry __iar_program_start --vfe --text_out locale)
#
###############################################################################

*******************************************************************************
*** MESSAGES
***

Error[Li005]: no definition for "main" [referenced from cmain.o(rt7M_tl.a)]


*******************************************************************************
*** RUNTIME MODEL ATTRIBUTES
***

CppFlavor       = *
__SystemLibrary = DLib
__dlib_version  = 6


*******************************************************************************
*** HEAP SELECTION
***

The basic heap was selected because some modules are built with
size limitations (and not runtime checking), and --advanced_heap
was not specified.


*******************************************************************************
*** PLACEMENT SUMMARY
***

"A0":  place at address 0x0 { ro section .intvec };
"P1":  place in [from 0x0 to 0xf'ffff] { ro };
define block CSTACK with size = 32K, alignment = 8 { };
define block HEAP with size = 64K, alignment = 8 { };
"P2":  place in [from 0x2000'0000 to 0x2003'ffff] {
          rw, block CSTACK, block HEAP };

  Section   Kind         Address    Size  Object
  -------   ----         -------    ----  ------
"A0":                              0x3c0
  .intvec   ro code          0x0   0x3c0  startup_TM4C1294.o [1]
                         - 0x3c0   0x3c0

"P1":                              0x534
  .text     ro code        0x3c0   0x254  sysctl.o [3]
  .rodata   const          0x614   0x1b0  sysctl.o [3]
  .rodata   const          0x7c4    0x6c  sysctl.o [3]
  .rodata   const          0x830    0x30  sysctl.o [3]
  .text     ro code        0x860    0x2c  system_TM4C1294_TW.o [1]
  .text     ro code        0x88c    0x1e  cmain.o [4]
  .text     ro code        0x8aa     0x4  low_level_init.o [2]
  .text     ro code        0x8ae     0x4  exit.o [2]
  .text     ro code        0x8b2     0x2  startup_TM4C1294.o [1]
  .text     ro code        0x8b4     0xa  cexit.o [4]
  .text     ro code        0x8c0    0x14  exit.o [5]
  .text     ro code        0x8d4    0x14  startup_TM4C1294.o [1]
  .text     ro code        0x8e8     0xc  cstartup_M.o [4]
                         - 0x8f4   0x534

"P2":                             0x8008
  .noinit   uninit   0x2000'0000     0x4  system_TM4C1294_TW.o [1]
  CSTACK             0x2000'0008  0x8000  <Block>
    CSTACK  uninit   0x2000'0008  0x8000  <Block tail>
                   - 0x2000'8008  0x8008

Unused ranges:

         From           To      Size
         ----           --      ----
        0x8f4     0xf'ffff  0xf'f70c
  0x2000'8008  0x2003'ffff  0x3'7ff8



*******************************************************************************
*** MODULE SUMMARY
***

    Module                ro code  ro data  rw data
    ------                -------  -------  -------
command line/config:
    -----------------------------------------------
    Total:

C:\Users\tsaor\Desktop\Laboratório\EK-TM4C1294_IAR8 (1)\EK-TM4C1294_IAR8\Projects\S11_G06_Lab2\Debug\Obj: [1]
    startup_TM4C1294.o        982
    system_TM4C1294_TW.o       44                 4
    -----------------------------------------------
    Total:                  1'026                 4

dl7M_tln.a: [2]
    exit.o                      4
    low_level_init.o            4
    -----------------------------------------------
    Total:                      8

driverlib.a: [3]
    sysctl.o                  596      588
    -----------------------------------------------
    Total:                    596      588

rt7M_tl.a: [4]
    cexit.o                    10
    cmain.o                    30
    cstartup_M.o               12
    -----------------------------------------------
    Total:                     52

shb_l.a: [5]
    exit.o                     20
    -----------------------------------------------
    Total:                     20

    Gaps                        2
    Linker created                           32'768
---------------------------------------------------
    Grand Total:            1'704      588   32'772


*******************************************************************************
*** ENTRY LIST
***

Entry                      Address   Size  Type      Object
-----                      -------   ----  ----      ------
?main                        0x88d         Code  Gb  cmain.o [4]
CSTACK$$Base           0x2000'0008          --   Gb  - Linker created -
CSTACK$$Limit          0x2000'8008          --   Gb  - Linker created -
Region$$Table$$Base            0x0          --   Gb  - Linker created -
Region$$Table$$Limit           0x0          --   Gb  - Linker created -
SysCtlClockFreqSet           0x3e1  0x1fc  Code  Gb  sysctl.o [3]
SystemCoreClock        0x2000'0000    0x4  Data  Gb  system_TM4C1294_TW.o [1]
SystemInit                   0x861   0x1a  Code  Gb  system_TM4C1294_TW.o [1]
_SysCtlMemTimingGet          0x3c1   0x20  Code  Lc  sysctl.o [3]
__Vectors                      0x0          --   Gb  startup_TM4C1294.o [1]
__Vectors_End                0x3c0         Data  Gb  startup_TM4C1294.o [1]
__Vectors_Size {Abs}         0x3c0          --   Gb  startup_TM4C1294.o [1]
__cmain                      0x88d         Code  Gb  cmain.o [4]
__exit                       0x8c1   0x14  Code  Gb  exit.o [5]
__iar_init_vfp               0x8dd         Code  Wk  startup_TM4C1294.o [1]
__iar_program_start          0x8e9         Code  Gb  cstartup_M.o [4]
__low_level_init             0x8ab    0x4  Code  Gb  low_level_init.o [2]
__vector_table                 0x0         Data  Gb  startup_TM4C1294.o [1]
__vector_table_0x1c           0x1c         Data  Gb  startup_TM4C1294.o [1]
_call_main                   0x899         Code  Gb  cmain.o [4]
_exit                        0x8b5         Code  Gb  cexit.o [4]
_main                        0x8a7         Code  Gb  cmain.o [4]
exit                         0x8af    0x4  Code  Gb  exit.o [2]
g_pppui32XTALtoVCO           0x614  0x1b0  Data  Lc  sysctl.o [3]
g_pui32VCOFrequencies        0x60c    0x8  Data  Lc  sysctl.o [3]
g_pui32Xtals                 0x7c4   0x6c  Data  Lc  sysctl.o [3]
g_sXTALtoMEMTIM              0x830   0x30  Data  Lc  sysctl.o [3]


[1] = C:\Users\tsaor\Desktop\Laboratório\EK-TM4C1294_IAR8 (1)\EK-TM4C1294_IAR8\Projects\S11_G06_Lab2\Debug\Obj
[2] = dl7M_tln.a
[3] = driverlib.a
[4] = rt7M_tl.a
[5] = shb_l.a

   1'704 bytes of readonly  code memory
     588 bytes of readonly  data memory
  32'772 bytes of readwrite data memory

Errors: 1
Warnings: none
