###############################################################################
#
# IAR ELF Linker V8.40.1.212/W32 for ARM                  13/Dec/2019  10:30:53
# Copyright 2007-2019 IAR Systems AB.
#
#    Output file  =
#        C:\Users\Leonaldo Junior\Desktop\RTOS elevador v1 (1)\CMSIS RTOS
#        2\EK-TM4C1294_RTOS_IAR8\Projects\S11_G06_Lab3\Debug\Exe\S11_G06_Lab3.out
#    Map file     =
#        C:\Users\Leonaldo Junior\Desktop\RTOS elevador v1 (1)\CMSIS RTOS
#        2\EK-TM4C1294_RTOS_IAR8\Projects\S11_G06_Lab3\Debug\List\S11_G06_Lab3.map
#    Command line =
#        -f C:\Users\LEONAL~1\AppData\Local\Temp\EW4F3F.tmp ("C:\Users\Leonaldo
#        Junior\Desktop\RTOS elevador v1 (1)\CMSIS RTOS
#        2\EK-TM4C1294_RTOS_IAR8\TivaWare_C_Series-2.1.4.178\driverlib\Debug\Exe\driverlib.a"
#        "C:\Users\Leonaldo Junior\Desktop\RTOS elevador v1 (1)\CMSIS RTOS
#        2\EK-TM4C1294_RTOS_IAR8\CMSIS-5.6.0\CMSIS\RTOS2\RTX\Library\IAR\IDE\CM4F\Exe\RTX_CM.a"
#        "C:\Users\Leonaldo Junior\Desktop\RTOS elevador v1 (1)\CMSIS RTOS
#        2\EK-TM4C1294_RTOS_IAR8\Projects\S11_G06_Lab3\Debug\Obj\RTX_Config.o"
#        "C:\Users\Leonaldo Junior\Desktop\RTOS elevador v1 (1)\CMSIS RTOS
#        2\EK-TM4C1294_RTOS_IAR8\Projects\S11_G06_Lab3\Debug\Obj\rtx_lib.o"
#        "C:\Users\Leonaldo Junior\Desktop\RTOS elevador v1 (1)\CMSIS RTOS
#        2\EK-TM4C1294_RTOS_IAR8\Projects\S11_G06_Lab3\Debug\Obj\S11_G06_Lab3.o"
#        "C:\Users\Leonaldo Junior\Desktop\RTOS elevador v1 (1)\CMSIS RTOS
#        2\EK-TM4C1294_RTOS_IAR8\Projects\S11_G06_Lab3\Debug\Obj\startup_TM4C1294.o"
#        "C:\Users\Leonaldo Junior\Desktop\RTOS elevador v1 (1)\CMSIS RTOS
#        2\EK-TM4C1294_RTOS_IAR8\Projects\S11_G06_Lab3\Debug\Obj\system_TM4C1294_TW.o"
#        "C:\Users\Leonaldo Junior\Desktop\RTOS elevador v1 (1)\CMSIS RTOS
#        2\EK-TM4C1294_RTOS_IAR8\Projects\S11_G06_Lab3\Debug\Obj\uartstdio.o"
#        --no_out_extension -o "C:\Users\Leonaldo Junior\Desktop\RTOS elevador
#        v1 (1)\CMSIS RTOS
#        2\EK-TM4C1294_RTOS_IAR8\Projects\S11_G06_Lab3\Debug\Exe\S11_G06_Lab3.out"
#        --map "C:\Users\Leonaldo Junior\Desktop\RTOS elevador v1 (1)\CMSIS
#        RTOS
#        2\EK-TM4C1294_RTOS_IAR8\Projects\S11_G06_Lab3\Debug\List\S11_G06_Lab3.map"
#        --config "C:\Program Files (x86)\IAR Systems\Embedded Workbench
#        8.3\arm\config\linker\TexasInstruments\TM4C1294NC.icf" --semihosting
#        --entry __iar_program_start --vfe --text_out locale)
#
###############################################################################

*******************************************************************************
*** RUNTIME MODEL ATTRIBUTES
***

CppFlavor       = *
__SystemLibrary = DLib
__dlib_version  = 6


*******************************************************************************
*** HEAP SELECTION
***

The basic heap was selected because some modules are built with
size limitations (and not runtime checking), and --advanced_heap
was not specified.


*******************************************************************************
*** PLACEMENT SUMMARY
***

"A0":  place at address 0x0 { ro section .intvec };
"P1":  place in [from 0x0 to 0xf'ffff] { ro };
define block CSTACK with size = 32K, alignment = 8 { };
define block HEAP with size = 64K, alignment = 8 { };
"P2":  place in [from 0x2000'0000 to 0x2003'ffff] {
          rw, block CSTACK, block HEAP };
initialize by copy { rw };

  Section                Kind         Address    Size  Object
  -------                ----         -------    ----  ------
"A0":                                           0x3c0
  .intvec                ro code          0x0   0x3c0  startup_TM4C1294.o [1]
                                      - 0x3c0   0x3c0

"P1":                                          0x5f95
  .text                  ro code        0x3c0   0xd9c  xscanffull_nomb.o [3]
  .text                  ro code       0x115c    0x16  strchr.o [6]
  .text                  ro code       0x1172    0x3a  zero_init3.o [6]
  .text                  ro code       0x11ac   0x4f0  strto64.o [5]
  .text                  ro code       0x169c   0x13a  ldexp.o [5]
  .text                  ro code       0x17d6    0x1e  xsscin.o [3]
  .text                  ro code       0x17f4    0x68  DblToFlt.o [5]
  .text                  ro code       0x185c   0x1a6  iar_Stoullx.o [3]
  .text                  ro code       0x1a02     0x2  RTX_Config.o [1]
  .text                  ro code       0x1a04    0xaa  iar_Stollx.o [3]
  .text                  ro code       0x1aae     0x2  startup_TM4C1294.o [1]
  .text                  ro code       0x1ab0    0x40  xfail_s.o [3]
  .text                  ro code       0x1af0    0x58  memchr.o [6]
  .text                  ro code       0x1b48    0x70  frexp.o [5]
  .text                  ro code       0x1bb8   0x1a2  DblMul.o [5]
  .text                  ro code       0x1d5c   0x246  DblDiv.o [5]
  .text                  ro code       0x1fa2   0x120  iar_Stopfx.o [3]
  .text                  ro code       0x20c4   0x1a8  iar_Stoflt.o [3]
  .text                  ro code       0x226c    0x22  S32ToDbl.o [5]
  .text                  ro code       0x2290   0x17a  DblAdd.o [5]
  .text                  ro code       0x240c   0x20c  iar_Stoxflt.o [3]
  .text                  ro code       0x2618   0x230  I64DivMod.o [6]
  .text                  ro code       0x2848     0x6  abort.o [3]
  .text                  ro code       0x2850    0xd2  DblSub.o [5]
  .text                  ro code       0x2924     0x2  I64DivZer.o [6]
  .text                  ro code       0x2928    0x14  exit.o [7]
  .text                  ro code       0x293c   0xb3c  S11_G06_Lab3.o [1]
  .text                  ro code       0x3478   0xa04  rtx_thread.o [2]
  .text                  ro code       0x3e7c    0xa6  ABImemcpy.o [6]
  .text                  ro code       0x3f24   0x634  rtx_msgqueue.o [2]
  .text                  ro code       0x4558    0x64  rtx_delay.o [2]
  .text                  ro code       0x45bc    0x28  sscanf.o [3]
  .text                  ro code       0x45e4   0x27c  rtx_timer.o [2]
  .text                  ro code       0x4860   0x4f8  sysctl.o [4]
  .text                  ro code       0x4d58   0x228  gpio.o [4]
  .text                  ro code       0x4f80   0x570  uartstdio.o [1]
  .text                  ro code       0x54f0   0x294  rtx_kernel.o [2]
  .text                  ro code       0x5784     0x2  rtx_evr.o [2]
  .text                  ro code       0x5786     0x2  rtx_evr.o [2]
  .text                  ro code       0x5788     0x2  rtx_evr.o [2]
  .text                  ro code       0x578a     0x2  rtx_evr.o [2]
  .text                  ro code       0x578c     0x2  rtx_evr.o [2]
  .text                  ro code       0x578e     0x2  rtx_evr.o [2]
  .text                  ro code       0x5790     0x2  rtx_evr.o [2]
  .text                  ro code       0x5792     0x2  rtx_evr.o [2]
  .text                  ro code       0x5794     0x2  rtx_evr.o [2]
  .text                  ro code       0x5796     0x2  rtx_evr.o [2]
  .text                  ro code       0x5798     0x2  rtx_evr.o [2]
  .text                  ro code       0x579a     0x2  rtx_evr.o [2]
  .text                  ro code       0x579c     0x2  rtx_evr.o [2]
  .text                  ro code       0x57a0    0xe6  rtx_mempool.o [2]
  .text                  ro code       0x5886     0x2  rtx_evr.o [2]
  .text                  ro code       0x5888    0x82  rtx_memory.o [2]
  .text                  ro code       0x590c     0x6  ABImemclr4.o [6]
  .text                  ro code       0x5912     0x2  rtx_evr.o [2]
  .text                  ro code       0x5914    0x4c  rtx_memory.o [2]
  .text                  ro code       0x5960    0x50  rtx_mutex.o [2]
  .text                  ro code       0x59b0     0x2  rtx_evr.o [2]
  .text                  ro code       0x59b2     0x2  rtx_evr.o [2]
  .text                  ro code       0x59b4     0x2  rtx_evr.o [2]
  .text                  ro code       0x59b6     0x2  rtx_evr.o [2]
  .text                  ro code       0x59b8     0x2  rtx_evr.o [2]
  .text                  ro code       0x59ba     0x2  rtx_evr.o [2]
  .text                  ro code       0x59bc     0x2  rtx_evr.o [2]
  .text                  ro code       0x59be     0x2  rtx_evr.o [2]
  .text                  ro code       0x59c0     0x2  rtx_evr.o [2]
  .text                  ro code       0x59c2     0x2  rtx_evr.o [2]
  .text                  ro code       0x59c4   0x174  rtx_system.o [2]
  .text                  ro code       0x5b38     0x2  rtx_evr.o [2]
  .text                  ro code       0x5b3a    0x20  RTX_Config.o [1]
  .text                  ro code       0x5b5a     0x2  rtx_evr.o [2]
  .text                  ro code       0x5b5c     0x2  rtx_evr.o [2]
  .text                  ro code       0x5b5e     0x2  rtx_evr.o [2]
  .text                  ro code       0x5b60     0x6  ABImemclr.o [6]
  .text                  ro code       0x5b66     0x2  rtx_evr.o [2]
  .text                  ro code       0x5b68     0x2  rtx_evr.o [2]
  .text                  ro code       0x5b6a     0x2  rtx_evr.o [2]
  .text                  ro code       0x5b6c     0x2  rtx_evr.o [2]
  .text                  ro code       0x5b6e     0x2  rtx_evr.o [2]
  .text                  ro code       0x5b70     0x2  rtx_evr.o [2]
  .text                  ro code       0x5b72     0x2  rtx_evr.o [2]
  .text                  ro code       0x5b74     0x2  rtx_evr.o [2]
  .text                  ro code       0x5b76     0x2  rtx_evr.o [2]
  .text                  ro code       0x5b78     0x2  rtx_evr.o [2]
  .text                  ro code       0x5b7a     0x2  rtx_evr.o [2]
  .text                  ro code       0x5b7c     0x2  rtx_evr.o [2]
  .text                  ro code       0x5b7e     0x2  rtx_evr.o [2]
  .text                  ro code       0x5b80     0x2  rtx_evr.o [2]
  .text                  ro code       0x5b82     0x2  rtx_evr.o [2]
  .text                  ro code       0x5b84     0x2  rtx_evr.o [2]
  .text                  ro code       0x5b86     0x2  rtx_evr.o [2]
  .text                  ro code       0x5b88     0x2  rtx_evr.o [2]
  .text                  ro code       0x5b8c    0xf8  interrupt.o [4]
  .text                  ro code       0x5c84   0x118  uart.o [4]
  .text                  ro code       0x5d9c     0x2  rtx_evr.o [2]
  .text                  ro code       0x5d9e    0x46  rtx_memory.o [2]
  .text                  ro code       0x5de4     0x2  rtx_evr.o [2]
  .text                  ro code       0x5de6     0x2  rtx_evr.o [2]
  .text                  ro code       0x5de8    0x40  os_systick.o [2]
  .text                  ro code       0x5e28     0x6  os_systick.o [2]
  .text                  ro code       0x5e30    0x2c  os_systick.o [2]
  .text                  ro code       0x5e5c     0x2  rtx_evr.o [2]
  .text                  ro code       0x5e5e     0x2  rtx_lib.o [1]
  .text                  ro code       0x5e60     0x2  rtx_evr.o [2]
  .text                  ro code       0x5e62     0x2  rtx_evr.o [2]
  .text                  ro code       0x5e64     0x2  rtx_evr.o [2]
  .text                  ro code       0x5e66     0x2  rtx_evr.o [2]
  .text                  ro code       0x5e68     0x2  rtx_evr.o [2]
  .text                  ro code       0x5e6a     0x2  rtx_evr.o [2]
  .text                  ro code       0x5e6c    0x32  ABImemset48.o [6]
  .text                  ro code       0x5e9e     0x2  rtx_evr.o [2]
  .text                  ro code       0x5ea0     0x2  rtx_evr.o [2]
  .text                  ro code       0x5ea2     0x2  rtx_evr.o [2]
  .text                  ro code       0x5ea4     0xc  os_systick.o [2]
  .text                  ro code       0x5eb0    0x5e  ABImemset.o [6]
  .text                  ro code       0x5f10    0x10  cpu.o [4]
  .text                  ro code       0x5f20     0x2  rtx_evr.o [2]
  .text                  ro code       0x5f24    0xc4  irq_cm4f.o [2]
  .rodata                const         0x5fe8    0x68  rtx_lib.o [1]
  .rodata                const         0x6050    0x50  iar_Stoullx.o [3]
  .rodata                const         0x60a0    0x48  strto64.o [5]
  .text                  ro code       0x60e8    0x38  packbits_init_single.o [6]
  .text                  ro code       0x6120    0x2c  system_TM4C1294_TW.o [1]
  .rodata                const         0x614c    0x28  xscanffull_nomb.o [3]
  .text                  ro code       0x6174    0x28  data_init.o [6]
  .rodata                const         0x619c    0x24  rtx_lib.o [1]
  .rodata                const         0x61c0    0x24  rtx_lib.o [1]
  .rodata                const         0x61e4    0x24  xscanffull_nomb.o [3]
  .iar.init_table        const         0x6208    0x20  - Linker created -
  .text                  ro code       0x6228    0x1e  cmain.o [6]
  .text                  ro code       0x6246     0x4  low_level_init.o [3]
  .text                  ro code       0x624a     0x4  exit.o [3]
  .text                  ro code       0x6250     0xa  cexit.o [6]
  .rodata                const         0x625c    0x18  rtx_lib.o [1]
  .rodata                const         0x6274    0x14  uartstdio.o [1]
  .text                  ro code       0x6288    0x14  startup_TM4C1294.o [1]
  .rodata                const         0x629c    0x10  S11_G06_Lab3.o [1]
  .rodata                const         0x62ac    0x10  S11_G06_Lab3.o [1]
  .rodata                const         0x62bc    0x10  S11_G06_Lab3.o [1]
  .rodata                const         0x62cc     0xc  S11_G06_Lab3.o [1]
  .rodata                const         0x62d8     0xc  uartstdio.o [1]
  .rodata                const         0x62e4     0xc  uartstdio.o [1]
  .rodata                const         0x62f0     0xc  uartstdio.o [1]
  .text                  ro code       0x62fc     0xc  cstartup_M.o [6]
  .rodata                const         0x6308     0x8  S11_G06_Lab3.o [1]
  .rodata                const         0x6310     0x8  S11_G06_Lab3.o [1]
  .rodata                const         0x6318     0x8  uartstdio.o [1]
  .rodata                const         0x6320     0x4  rtx_lib.o [1]
  .rodata                const         0x6324     0x4  uartstdio.o [1]
  .rodata                const         0x6328     0x0  zero_init3.o [6]
  .rodata                const         0x6328     0x0  packbits_init_single.o [6]
  Initializer bytes      const         0x6328    0x2d  <for P2-1>
                                     - 0x6355  0x5f95

"P2", part 1 of 3:                               0xd7
  P2-1                            0x2000'0000    0xd7  <Init block>
    .data.os             inited   0x2000'0000    0xa4  rtx_kernel.o [2]
    .data.os.thread.mpi  inited   0x2000'00a4    0x18  rtx_lib.o [1]
    .data.os.thread.mpi  inited   0x2000'00bc    0x18  rtx_lib.o [1]
    .data                inited   0x2000'00d4     0x1  S11_G06_Lab3.o [1]
    .data                inited   0x2000'00d5     0x1  S11_G06_Lab3.o [1]
    .data                inited   0x2000'00d6     0x1  S11_G06_Lab3.o [1]
                                - 0x2000'00d7    0xd7

"P2", part 2 of 3:                             0x2354
  .bss.os                zero     0x2000'00d8  0x1000  rtx_lib.o [1]
  .bss.os.thread.stack   zero     0x2000'10d8   0x960  rtx_lib.o [1]
  .bss                   zero     0x2000'1a38   0x400  uartstdio.o [1]
  .bss.os.thread.cb      zero     0x2000'1e38   0x198  rtx_lib.o [1]
  .bss.os.thread.stack   zero     0x2000'1fd0   0x100  rtx_lib.o [1]
  .bss.os.thread.stack   zero     0x2000'20d0   0x100  rtx_lib.o [1]
  .bss                   zero     0x2000'21d0    0x80  uartstdio.o [1]
  .bss.os.msgqueue.mem   zero     0x2000'2250    0x50  rtx_lib.o [1]
  .bss.os.thread.cb      zero     0x2000'22a0    0x44  rtx_lib.o [1]
  .bss.os.thread.cb      zero     0x2000'22e4    0x44  rtx_lib.o [1]
  .bss.os                zero     0x2000'2328    0x40  rtx_lib.o [1]
  .bss.os.msgqueue.cb    zero     0x2000'2368    0x34  rtx_lib.o [1]
  .bss                   zero     0x2000'239c    0x10  S11_G06_Lab3.o [1]
  .bss                   zero     0x2000'23ac    0x10  S11_G06_Lab3.o [1]
  .bss                   zero     0x2000'23bc    0x10  S11_G06_Lab3.o [1]
  .bss                   zero     0x2000'23cc     0x4  S11_G06_Lab3.o [1]
  .bss                   zero     0x2000'23d0     0x4  S11_G06_Lab3.o [1]
  .bss                   zero     0x2000'23d4     0x4  S11_G06_Lab3.o [1]
  .bss                   zero     0x2000'23d8     0x4  S11_G06_Lab3.o [1]
  .bss                   zero     0x2000'23dc     0x4  S11_G06_Lab3.o [1]
  .bss                   zero     0x2000'23e0     0x4  S11_G06_Lab3.o [1]
  .bss                   zero     0x2000'23e4     0x4  S11_G06_Lab3.o [1]
  .bss                   zero     0x2000'23e8     0x4  S11_G06_Lab3.o [1]
  .bss                   zero     0x2000'23ec     0x4  S11_G06_Lab3.o [1]
  .bss                   zero     0x2000'23f0     0x4  S11_G06_Lab3.o [1]
  .bss                   zero     0x2000'23f4     0x4  S11_G06_Lab3.o [1]
  .bss                   zero     0x2000'23f8     0x4  S11_G06_Lab3.o [1]
  .bss                   zero     0x2000'23fc     0x4  uartstdio.o [1]
  .bss                   zero     0x2000'2400     0x4  uartstdio.o [1]
  .bss                   zero     0x2000'2404     0x4  uartstdio.o [1]
  .bss                   zero     0x2000'2408     0x4  uartstdio.o [1]
  .bss                   zero     0x2000'240c     0x4  uartstdio.o [1]
  .bss                   zero     0x2000'2410     0x4  uartstdio.o [1]
  .bss                   zero     0x2000'2414     0x4  xfail_s.o [3]
  .bss                   zero     0x2000'2418     0x1  S11_G06_Lab3.o [1]
  .bss                   zero     0x2000'2419     0x1  S11_G06_Lab3.o [1]
  .bss                   zero     0x2000'241a     0x1  S11_G06_Lab3.o [1]
  .bss                   zero     0x2000'241b     0x1  S11_G06_Lab3.o [1]
  .bss                   zero     0x2000'241c     0x1  S11_G06_Lab3.o [1]
  .bss                   zero     0x2000'241d     0x1  S11_G06_Lab3.o [1]
  .bss                   zero     0x2000'241e     0x1  S11_G06_Lab3.o [1]
  .bss                   zero     0x2000'241f     0x1  S11_G06_Lab3.o [1]
  .bss                   zero     0x2000'2420     0x1  S11_G06_Lab3.o [1]
  .bss                   zero     0x2000'2421     0x1  S11_G06_Lab3.o [1]
  .bss                   zero     0x2000'2422     0x1  S11_G06_Lab3.o [1]
  .bss                   zero     0x2000'2423     0x1  S11_G06_Lab3.o [1]
  .bss                   zero     0x2000'2424     0x1  S11_G06_Lab3.o [1]
  .bss                   zero     0x2000'2425     0x1  S11_G06_Lab3.o [1]
  .bss                   zero     0x2000'2426     0x1  S11_G06_Lab3.o [1]
  .bss                   zero     0x2000'2427     0x1  uartstdio.o [1]
  .bss                   zero     0x2000'2428     0x1  uartstdio.o [1]
  .bss                   zero     0x2000'2429     0x1  os_systick.o [2]
                                - 0x2000'242a  0x2352

"P2", part 3 of 3:                             0x8004
  .noinit                uninit   0x2000'242c     0x4  system_TM4C1294_TW.o [1]
  CSTACK                          0x2000'2430  0x8000  <Block>
    CSTACK               uninit   0x2000'2430  0x8000  <Block tail>
                                - 0x2000'a430  0x8004

Unused ranges:

         From           To      Size
         ----           --      ----
       0x6355     0xf'ffff  0xf'9cab
  0x2000'00d7  0x2000'00d7       0x1
  0x2000'a430  0x2003'ffff  0x3'5bd0


*******************************************************************************
*** INIT TABLE
***

          Address      Size
          -------      ----
Zero (__iar_zero_init3)
    1 destination range, total size 0x2352:
          0x2000'00d8  0x2352

Copy/packbits (__iar_packbits_init_single3)
    1 source range, total size 0x2d (20% of destination):
               0x6328    0x2d
    1 destination range, total size 0xd7:
          0x2000'0000    0xd7



*******************************************************************************
*** MODULE SUMMARY
***

    Module                  ro code  ro data  rw data
    ------                  -------  -------  -------
command line/config:
    -------------------------------------------------
    Total:

C:\Users\Leonaldo Junior\Desktop\RTOS elevador v1 (1)\CMSIS RTOS 2\EK-TM4C1294_RTOS_IAR8\Projects\S11_G06_Lab3\Debug\Obj: [1]
    RTX_Config.o                 34
    S11_G06_Lab3.o            2'876       77      114
    rtx_lib.o                     2      214    7'796
    startup_TM4C1294.o          982
    system_TM4C1294_TW.o         44                 4
    uartstdio.o               1'392       68    1'178
    -------------------------------------------------
    Total:                    5'330      359    9'092

RTX_CM.a: [2]
    irq_cm4f.o                  196
    os_systick.o                126                 1
    rtx_delay.o                 100
    rtx_evr.o                   122
    rtx_kernel.o                660       34      164
    rtx_memory.o                276
    rtx_mempool.o               230
    rtx_msgqueue.o            1'588
    rtx_mutex.o                  80
    rtx_system.o                372
    rtx_thread.o              2'564
    rtx_timer.o                 636
    -------------------------------------------------
    Total:                    6'950       34      165

dl7M_tln.a: [3]
    abort.o                       6
    exit.o                        4
    iar_Stoflt.o                424
    iar_Stollx.o                170
    iar_Stopfx.o                288
    iar_Stoullx.o               422       80
    iar_Stoxflt.o               524
    low_level_init.o              4
    sscanf.o                     40
    xfail_s.o                    64                 4
    xscanffull_nomb.o         3'484       76
    xsscin.o                     30
    -------------------------------------------------
    Total:                    5'460      156        4

driverlib.a: [4]
    cpu.o                        16
    gpio.o                      552
    interrupt.o                 248
    sysctl.o                  1'272
    uart.o                      280
    -------------------------------------------------
    Total:                    2'368

m7M_tls.a: [5]
    DblAdd.o                    378
    DblDiv.o                    582
    DblMul.o                    418
    DblSub.o                    210
    DblToFlt.o                  104
    S32ToDbl.o                   34
    frexp.o                     112
    ldexp.o                     314
    strto64.o                 1'264       72
    -------------------------------------------------
    Total:                    3'416       72

rt7M_tl.a: [6]
    ABImemclr.o                   6
    ABImemclr4.o                  6
    ABImemcpy.o                 166
    ABImemset.o                  94
    ABImemset48.o                50
    I64DivMod.o                 560
    I64DivZer.o                   2
    cexit.o                      10
    cmain.o                      30
    cstartup_M.o                 12
    data_init.o                  40
    memchr.o                     88
    packbits_init_single.o       56
    strchr.o                     22
    zero_init3.o                 58
    -------------------------------------------------
    Total:                    1'200

shb_l.a: [7]
    exit.o                       20
    -------------------------------------------------
    Total:                       20

    Gaps                         30        2
    Linker created                        32   32'768
-----------------------------------------------------
    Grand Total:             24'774      655   42'029


*******************************************************************************
*** ENTRY LIST
***

Entry                       Address    Size  Type      Object
-----                       -------    ----  ----      ------
.iar.init_table$$Base        0x6208           --   Gb  - Linker created -
.iar.init_table$$Limit       0x6228           --   Gb  - Linker created -
?main                        0x6229          Code  Gb  cmain.o [6]
CPUcpsid                     0x5f11     0x8  Code  Gb  cpu.o [4]
CPUcpsie                     0x5f19     0x8  Code  Gb  cpu.o [4]
CSTACK$$Base            0x2000'2430           --   Gb  - Linker created -
CSTACK$$Limit           0x2000'a430           --   Gb  - Linker created -
Dtentox                      0x1281   0x234  Code  Lc  strto64.o [5]
EvrRtxDelay                  0x5b7b     0x2  Code  Wk  rtx_evr.o [2]
EvrRtxDelayCompleted         0x5785     0x2  Code  Wk  rtx_evr.o [2]
EvrRtxDelayError             0x5b7d     0x2  Code  Wk  rtx_evr.o [2]
EvrRtxDelayStarted           0x5b79     0x2  Code  Wk  rtx_evr.o [2]
EvrRtxEventFlagsWaitTimeout
                             0x5789     0x2  Code  Wk  rtx_evr.o [2]
EvrRtxKernelError            0x5d9d     0x2  Code  Wk  rtx_evr.o [2]
EvrRtxKernelGetState         0x5de7     0x2  Code  Wk  rtx_evr.o [2]
EvrRtxKernelInitialize       0x5e61     0x2  Code  Wk  rtx_evr.o [2]
EvrRtxKernelInitialized
                             0x5de5     0x2  Code  Wk  rtx_evr.o [2]
EvrRtxKernelStart            0x5e63     0x2  Code  Wk  rtx_evr.o [2]
EvrRtxKernelStarted          0x5e5d     0x2  Code  Wk  rtx_evr.o [2]
EvrRtxMemoryAlloc            0x5e6b     0x2  Code  Wk  rtx_evr.o [2]
EvrRtxMemoryBlockAlloc       0x5e67     0x2  Code  Wk  rtx_evr.o [2]
EvrRtxMemoryBlockFree        0x5e69     0x2  Code  Wk  rtx_evr.o [2]
EvrRtxMemoryBlockInit        0x5e65     0x2  Code  Wk  rtx_evr.o [2]
EvrRtxMemoryFree             0x5e9f     0x2  Code  Wk  rtx_evr.o [2]
EvrRtxMemoryInit             0x5f21     0x2  Code  Wk  rtx_evr.o [2]
EvrRtxMemoryPoolAllocTimeout
                             0x578f     0x2  Code  Wk  rtx_evr.o [2]
EvrRtxMessageQueueCreated
                             0x5b67     0x2  Code  Wk  rtx_evr.o [2]
EvrRtxMessageQueueError
                             0x5b5f     0x2  Code  Wk  rtx_evr.o [2]
EvrRtxMessageQueueGet        0x5b77     0x2  Code  Wk  rtx_evr.o [2]
EvrRtxMessageQueueGetPending
                             0x5b6d     0x2  Code  Wk  rtx_evr.o [2]
EvrRtxMessageQueueGetTimeout
                             0x5791     0x2  Code  Wk  rtx_evr.o [2]
EvrRtxMessageQueueInsertPending
                             0x5b75     0x2  Code  Wk  rtx_evr.o [2]
EvrRtxMessageQueueInserted
                             0x5b5b     0x2  Code  Wk  rtx_evr.o [2]
EvrRtxMessageQueueNew        0x5b71     0x2  Code  Wk  rtx_evr.o [2]
EvrRtxMessageQueueNotInserted
                             0x5b6b     0x2  Code  Wk  rtx_evr.o [2]
EvrRtxMessageQueueNotRetrieved
                             0x5b6f     0x2  Code  Wk  rtx_evr.o [2]
EvrRtxMessageQueuePut        0x5b73     0x2  Code  Wk  rtx_evr.o [2]
EvrRtxMessageQueuePutPending
                             0x5b69     0x2  Code  Wk  rtx_evr.o [2]
EvrRtxMessageQueuePutTimeout
                             0x5793     0x2  Code  Wk  rtx_evr.o [2]
EvrRtxMessageQueueRetrieved
                             0x5b5d     0x2  Code  Wk  rtx_evr.o [2]
EvrRtxMutexAcquireTimeout
                             0x578b     0x2  Code  Wk  rtx_evr.o [2]
EvrRtxMutexAcquired          0x5ea3     0x2  Code  Wk  rtx_evr.o [2]
EvrRtxMutexReleased          0x5ea1     0x2  Code  Wk  rtx_evr.o [2]
EvrRtxSemaphoreAcquireTimeout
                             0x578d     0x2  Code  Wk  rtx_evr.o [2]
EvrRtxThreadBlocked          0x579b     0x2  Code  Wk  rtx_evr.o [2]
EvrRtxThreadCreated          0x5913     0x2  Code  Wk  rtx_evr.o [2]
EvrRtxThreadDestroyed        0x59b3     0x2  Code  Wk  rtx_evr.o [2]
EvrRtxThreadError            0x5887     0x2  Code  Wk  rtx_evr.o [2]
EvrRtxThreadExit             0x59c1     0x2  Code  Wk  rtx_evr.o [2]
EvrRtxThreadFlagsError       0x59b5     0x2  Code  Wk  rtx_evr.o [2]
EvrRtxThreadFlagsSet         0x59c3     0x2  Code  Wk  rtx_evr.o [2]
EvrRtxThreadFlagsSetDone
                             0x59b7     0x2  Code  Wk  rtx_evr.o [2]
EvrRtxThreadFlagsWait        0x5b39     0x2  Code  Wk  rtx_evr.o [2]
EvrRtxThreadFlagsWaitCompleted
                             0x579d     0x2  Code  Wk  rtx_evr.o [2]
EvrRtxThreadFlagsWaitNotCompleted
                             0x59bb     0x2  Code  Wk  rtx_evr.o [2]
EvrRtxThreadFlagsWaitPending
                             0x59b9     0x2  Code  Wk  rtx_evr.o [2]
EvrRtxThreadFlagsWaitTimeout
                             0x5787     0x2  Code  Wk  rtx_evr.o [2]
EvrRtxThreadJoined           0x59b1     0x2  Code  Wk  rtx_evr.o [2]
EvrRtxThreadNew              0x59bd     0x2  Code  Wk  rtx_evr.o [2]
EvrRtxThreadPreempted        0x5797     0x2  Code  Wk  rtx_evr.o [2]
EvrRtxThreadSwitched         0x5799     0x2  Code  Wk  rtx_evr.o [2]
EvrRtxThreadUnblocked        0x5795     0x2  Code  Wk  rtx_evr.o [2]
EvrRtxThreadYield            0x59bf     0x2  Code  Wk  rtx_evr.o [2]
EvrRtxTimerCallback          0x5b89     0x2  Code  Wk  rtx_evr.o [2]
EvrRtxTimerCreated           0x5b7f     0x2  Code  Wk  rtx_evr.o [2]
EvrRtxTimerError             0x5b81     0x2  Code  Wk  rtx_evr.o [2]
EvrRtxTimerNew               0x5b85     0x2  Code  Wk  rtx_evr.o [2]
EvrRtxTimerStart             0x5b87     0x2  Code  Wk  rtx_evr.o [2]
EvrRtxTimerStarted           0x5b83     0x2  Code  Wk  rtx_evr.o [2]
GPIODirModeSet               0x4d59    0x28  Code  Gb  gpio.o [4]
GPIOPadConfigSet             0x4d81   0x114  Code  Gb  gpio.o [4]
GPIOPinConfigure             0x4eb5    0x36  Code  Gb  gpio.o [4]
GPIOPinTypeUART              0x4ea1    0x14  Code  Gb  gpio.o [4]
IntDisable                   0x5bfd    0x56  Code  Gb  interrupt.o [4]
IntEnable                    0x5ba5    0x56  Code  Gb  interrupt.o [4]
IntMasterDisable             0x5b95     0x6  Code  Gb  interrupt.o [4]
IntMasterEnable              0x5b8d     0x8  Code  Gb  interrupt.o [4]
IsBufferEmpty                0x4f9d    0x12  Code  Lc  uartstdio.o [1]
IsBufferFull                 0x4f81    0x1c  Code  Lc  uartstdio.o [1]
MessageQueueGet              0x3f6d    0x40  Code  Lc  rtx_msgqueue.o [2]
MessageQueuePut              0x3f25    0x48  Code  Lc  rtx_msgqueue.o [2]
MessageQueueRemove           0x3fad    0x1e  Code  Lc  rtx_msgqueue.o [2]
OS_Tick_AcknowledgeIRQ       0x5ea5     0xc  Code  Wk  os_systick.o [2]
OS_Tick_Enable               0x5e31    0x2c  Code  Wk  os_systick.o [2]
OS_Tick_GetIRQn              0x5e29     0x6  Code  Wk  os_systick.o [2]
OS_Tick_Setup                0x5de9    0x40  Code  Wk  os_systick.o [2]
PendST                  0x2000'2429     0x1  Data  Lc  os_systick.o [2]
PendSV_Handler               0x5fbd          Code  Gb  irq_cm4f.o [2]
Region$$Table$$Base          0x6208           --   Gb  - Linker created -
Region$$Table$$Limit         0x6228           --   Gb  - Linker created -
SVC_Handler                  0x5f25          Code  Gb  irq_cm4f.o [2]
SysCtlClockFreqSet           0x48cb   0x20a  Code  Gb  sysctl.o [4]
SysCtlPeripheralEnable       0x48ad     0x8  Code  Gb  sysctl.o [4]
SysCtlPeripheralPresent
                             0x4881     0xa  Code  Gb  sysctl.o [4]
SysCtlPeripheralReady        0x488b     0x8  Code  Gb  sysctl.o [4]
SysTick_Handler              0x5fcd          Code  Gb  irq_cm4f.o [2]
SystemCoreClock         0x2000'242c     0x4  Data  Gb  system_TM4C1294_TW.o [1]
SystemInit                   0x6121    0x1a  Code  Gb  system_TM4C1294_TW.o [1]
ThreadFlagsCheck             0x3479    0x6c  Code  Lc  rtx_thread.o [2]
TimerInsert                  0x45e5    0x38  Code  Lc  rtx_timer.o [2]
TimerRemove                  0x461d    0x26  Code  Lc  rtx_timer.o [2]
UART0_Handler                0x3311     0x8  Code  Gb  S11_G06_Lab3.o [1]
UARTCharGetNonBlocking       0x5d4f    0x14  Code  Gb  uart.o [4]
UARTCharPutNonBlocking       0x5d63    0x16  Code  Gb  uart.o [4]
UARTCharsAvail               0x5d37     0x8  Code  Gb  uart.o [4]
UARTConfigSetExpClk          0x5c8d    0x5e  Code  Gb  uart.o [4]
UARTDisable                  0x5d05    0x26  Code  Gb  uart.o [4]
UARTEnable                   0x5ceb    0x1a  Code  Gb  uart.o [4]
UARTFIFOLevelSet             0x5c85     0x8  Code  Gb  uart.o [4]
UARTFlushRx                  0x5345    0x1c  Code  Gb  uartstdio.o [1]
UARTFlushTx                  0x5361    0x30  Code  Gb  uartstdio.o [1]
UARTInit                     0x32c3    0x4e  Code  Gb  S11_G06_Lab3.o [1]
UARTIntClear                 0x5d97     0x6  Code  Gb  uart.o [4]
UARTIntDisable               0x5d7f     0x4  Code  Gb  uart.o [4]
UARTIntEnable                0x5d79     0x6  Code  Gb  uart.o [4]
UARTIntStatus                0x5d8b     0xc  Code  Gb  uart.o [4]
UARTPrimeTransmit            0x4faf    0x6a  Code  Lc  uartstdio.o [1]
UARTSpaceAvail               0x5d3f     0x6  Code  Gb  uart.o [4]
UARTStdioConfig              0x5019    0x7e  Code  Gb  uartstdio.o [1]
UARTStdioIntHandler          0x5395   0x116  Code  Gb  uartstdio.o [1]
UARTStdioIntHandler::bLastWasCR
                        0x2000'2428     0x1  Data  Lc  uartstdio.o [1]
UART_READ                    0x3319    0x56  Code  Gb  S11_G06_Lab3.o [1]
UART_WRITE                   0x3371    0x22  Code  Gb  S11_G06_Lab3.o [1]
UARTgets                     0x5129    0x58  Code  Gb  uartstdio.o [1]
UARTprintf                   0x5337     0xe  Code  Gb  uartstdio.o [1]
UARTvprintf                  0x5181   0x1b6  Code  Gb  uartstdio.o [1]
UARTwrite                    0x5097    0x92  Code  Gb  uartstdio.o [1]
_Get                          0x3c1    0x12  Code  Lc  xscanffull_nomb.o [3]
_GetN                         0x3d3    0x22  Code  Lc  xscanffull_nomb.o [3]
_GetstrFullNoMb               0xf41   0x1a8  Code  Lc  xscanffull_nomb.o [3]
_SScin                       0x17d7    0x1e  Code  Gb  xsscin.o [3]
_ScanfFullNoMb                0x411   0xada  Code  Gb  xscanffull_nomb.o [3]
_SysCtlMemTimingGet          0x4861    0x20  Code  Lc  sysctl.o [4]
_UngetN                       0x3f5    0x1a  Code  Lc  xscanffull_nomb.o [3]
__Vectors                       0x0           --   Gb  startup_TM4C1294.o [1]
__Vectors_End                 0x3c0          Data  Gb  startup_TM4C1294.o [1]
__Vectors_Size {Abs}          0x3c0           --   Gb  startup_TM4C1294.o [1]
__aeabi_d2f                  0x17f5          Code  Gb  DblToFlt.o [5]
__aeabi_dadd                 0x2291          Code  Gb  DblAdd.o [5]
__aeabi_ddiv                 0x1d5d          Code  Gb  DblDiv.o [5]
__aeabi_dmul                 0x1bb9          Code  Gb  DblMul.o [5]
__aeabi_i2d                  0x226d          Code  Gb  S32ToDbl.o [5]
__aeabi_ldiv0                0x2925          Code  Gb  I64DivZer.o [6]
__aeabi_memclr               0x5b61          Code  Gb  ABImemclr.o [6]
__aeabi_memclr4              0x590d          Code  Gb  ABImemclr4.o [6]
__aeabi_memcpy               0x3e7d          Code  Gb  ABImemcpy.o [6]
__aeabi_memcpy4              0x3e9d          Code  Gb  ABImemcpy.o [6]
__aeabi_memcpy8              0x3e9d          Code  Gb  ABImemcpy.o [6]
__aeabi_uldivmod             0x2619          Code  Gb  I64DivMod.o [6]
__cmain                      0x6229          Code  Gb  cmain.o [6]
__exit                       0x2929    0x14  Code  Gb  exit.o [7]
__iar_Fail_s                 0x1ab1    0x1c  Code  Gb  xfail_s.o [3]
__iar_Memchr                 0x1af1          Code  Gb  memchr.o [6]
__iar_Memset4_word           0x5e6d          Code  Gb  ABImemset48.o [6]
__iar_Memset8_word           0x5e6d          Code  Gb  ABImemset48.o [6]
__iar_Memset_word            0x5eb1          Code  Gb  ABImemset.o [6]
__iar_Sto64                  0x14c5   0x194  Code  Gb  strto64.o [5]
__iar_Stoflt                 0x20c5   0x1a8  Code  Gb  iar_Stoflt.o [3]
__iar_Stollx                 0x1a05    0xa4  Code  Gb  iar_Stollx.o [3]
__iar_Stopfx                 0x1fa3   0x120  Code  Gb  iar_Stopfx.o [3]
__iar_Stoullx                0x185d   0x198  Code  Gb  iar_Stoullx.o [3]
__iar_Stoxflt                0x240d   0x1d6  Code  Gb  iar_Stoxflt.o [3]
__iar_Stoxflt::digits        0x25e8    0x18  Data  Lc  iar_Stoxflt.o [3]
__iar_Stoxflt::vals          0x2600    0x18  Data  Lc  iar_Stoxflt.o [3]
__iar_Strchr                 0x115d          Code  Gb  strchr.o [6]
__iar_dadd                   0x2851          Code  Gb  DblSub.o [5]
__iar_data_init3             0x6175    0x28  Code  Gb  data_init.o [6]
__iar_dsub                   0x22a1          Code  Gb  DblAdd.o [5]
__iar_dsubStart              0x22b3          Code  Gb  DblAdd.o [5]
__iar_frexp                  0x1b55          Code  Gb  frexp.o [5]
__iar_frexpl                 0x1b55          Code  Gb  frexp.o [5]
__iar_init_vfp               0x6291          Code  Wk  startup_TM4C1294.o [1]
__iar_ldexp64                0x169d          Code  Gb  ldexp.o [5]
__iar_packbits_init_single3
                             0x60e9    0x38  Code  Gb  packbits_init_single.o [6]
__iar_program_start          0x62fd          Code  Gb  cstartup_M.o [6]
__iar_scalbln64              0x169d          Code  Gb  ldexp.o [5]
__iar_scalbn64               0x169d          Code  Gb  ldexp.o [5]
__iar_softfp___iar_frexp64
                             0x1b49          Code  Gb  frexp.o [5]
__iar_softfp_frexp           0x1b49          Code  Gb  frexp.o [5]
__iar_softfp_frexpl          0x1b49          Code  Gb  frexp.o [5]
__iar_zero_init3             0x1173    0x3a  Code  Gb  zero_init3.o [6]
__low_level_init             0x6247     0x4  Code  Gb  low_level_init.o [3]
__vector_table                  0x0          Data  Gb  startup_TM4C1294.o [1]
__vector_table_0x1c            0x1c          Data  Gb  startup_TM4C1294.o [1]
_call_main                   0x6235          Code  Gb  cmain.o [6]
_exit                        0x6251          Code  Gb  cexit.o [6]
_main                        0x6243          Code  Gb  cmain.o [6]
abort                        0x2849     0x6  Code  Gb  abort.o [3]
app_main                     0x3205    0xbe  Code  Gb  S11_G06_Lab3.o [1]
callbackc                    0x293d    0x10  Code  Gb  S11_G06_Lab3.o [1]
callbackd                    0x295d    0x10  Code  Gb  S11_G06_Lab3.o [1]
callbacke                    0x294d    0x10  Code  Gb  S11_G06_Lab3.o [1]
digits                       0x6078    0x28  Data  Lc  iar_Stoullx.o [3]
dmul                         0x11ad    0xd2  Code  Lc  strto64.o [5]
elevC                        0x296d   0x2ea  Code  Gb  S11_G06_Lab3.o [1]
elevC::andar_atual      0x2000'2418     0x1  Data  Lc  S11_G06_Lab3.o [1]
elevC::botao_externo_andar
                        0x2000'241a     0x1  Data  Lc  S11_G06_Lab3.o [1]
elevC::flag_vetor_zero  0x2000'241c     0x1  Data  Lc  S11_G06_Lab3.o [1]
elevC::i                0x2000'2419     0x1  Data  Lc  S11_G06_Lab3.o [1]
elevC::proximo_andar    0x2000'00d4     0x1  Data  Lc  S11_G06_Lab3.o [1]
elevC::sinal_feedback   0x2000'241b     0x1  Data  Lc  S11_G06_Lab3.o [1]
elevC::vetor_destino    0x2000'239c    0x10  Data  Lc  S11_G06_Lab3.o [1]
elevD                        0x2c57   0x2de  Code  Gb  S11_G06_Lab3.o [1]
elevD::andar_atual      0x2000'241d     0x1  Data  Lc  S11_G06_Lab3.o [1]
elevD::botao_externo_andar
                        0x2000'241f     0x1  Data  Lc  S11_G06_Lab3.o [1]
elevD::flag_vetor_zero  0x2000'2421     0x1  Data  Lc  S11_G06_Lab3.o [1]
elevD::i                0x2000'241e     0x1  Data  Lc  S11_G06_Lab3.o [1]
elevD::proximo_andar    0x2000'00d5     0x1  Data  Lc  S11_G06_Lab3.o [1]
elevD::sinal_feedback   0x2000'2420     0x1  Data  Lc  S11_G06_Lab3.o [1]
elevD::vetor_destino    0x2000'23ac    0x10  Data  Lc  S11_G06_Lab3.o [1]
elevE                        0x2f35   0x2d0  Code  Gb  S11_G06_Lab3.o [1]
elevE::andar_atual      0x2000'2422     0x1  Data  Lc  S11_G06_Lab3.o [1]
elevE::botao_externo_andar
                        0x2000'2424     0x1  Data  Lc  S11_G06_Lab3.o [1]
elevE::flag_vetor_zero  0x2000'2426     0x1  Data  Lc  S11_G06_Lab3.o [1]
elevE::i                0x2000'2423     0x1  Data  Lc  S11_G06_Lab3.o [1]
elevE::proximo_andar    0x2000'00d6     0x1  Data  Lc  S11_G06_Lab3.o [1]
elevE::sinal_feedback   0x2000'2425     0x1  Data  Lc  S11_G06_Lab3.o [1]
elevE::vetor_destino    0x2000'23bc    0x10  Data  Lc  S11_G06_Lab3.o [1]
exit                         0x624b     0x4  Code  Gb  exit.o [3]
fila_c_id               0x2000'23f4     0x4  Data  Gb  S11_G06_Lab3.o [1]
fila_d_id               0x2000'23f0     0x4  Data  Gb  S11_G06_Lab3.o [1]
fila_e_id               0x2000'23ec     0x4  Data  Gb  S11_G06_Lab3.o [1]
fila_escrita_id         0x2000'23f8     0x4  Data  Gb  S11_G06_Lab3.o [1]
g_bDisableEcho          0x2000'2427     0x1  Data  Lc  uartstdio.o [1]
g_pcHex                      0x6324     0x4  Data  Lc  uartstdio.o [1]
g_pcUARTRxBuffer        0x2000'21d0    0x80  Data  Lc  uartstdio.o [1]
g_pcUARTTxBuffer        0x2000'1a38   0x400  Data  Lc  uartstdio.o [1]
g_pppui32XTALtoVCO           0x4b70   0x1b0  Data  Lc  sysctl.o [4]
g_pui32Dii16Regs             0x5c70    0x14  Data  Lc  interrupt.o [4]
g_pui32EnRegs                0x5c5c    0x14  Data  Lc  interrupt.o [4]
g_pui32GPIOBaseAddrs         0x4ef0    0x90  Data  Lc  gpio.o [4]
g_pui32VCOFrequencies        0x4d50     0x8  Data  Lc  sysctl.o [4]
g_pui32Xtals                 0x4b04    0x6c  Data  Lc  sysctl.o [4]
g_sXTALtoMEMTIM              0x4d20    0x30  Data  Lc  sysctl.o [4]
g_ui32Base              0x2000'240c     0x4  Data  Lc  uartstdio.o [1]
g_ui32PortNum           0x2000'2410     0x4  Data  Lc  uartstdio.o [1]
g_ui32UARTBase               0x62d8     0xc  Data  Lc  uartstdio.o [1]
g_ui32UARTInt                0x62e4     0xc  Data  Lc  uartstdio.o [1]
g_ui32UARTPeriph             0x62f0     0xc  Data  Lc  uartstdio.o [1]
g_ui32UARTRxReadIndex   0x2000'2408     0x4  Data  Lc  uartstdio.o [1]
g_ui32UARTRxWriteIndex  0x2000'2404     0x4  Data  Lc  uartstdio.o [1]
g_ui32UARTTxReadIndex   0x2000'2400     0x4  Data  Lc  uartstdio.o [1]
g_ui32UARTTxWriteIndex  0x2000'23fc     0x4  Data  Lc  uartstdio.o [1]
ldexp                        0x169d          Code  Gb  ldexp.o [5]
ldexpl                       0x169d          Code  Gb  ldexp.o [5]
main                         0x3393    0x22  Code  Gb  S11_G06_Lab3.o [1]
memchr                       0x1af1          Code  Gb  memchr.o [6]
ndigs                        0x6050    0x28  Data  Lc  iar_Stoullx.o [3]
osDelay                      0x457d    0x38  Code  Gb  rtx_delay.o [2]
osKernelGetState             0x56e9    0x40  Code  Gb  rtx_kernel.o [2]
osKernelInitialize           0x56b1    0x38  Code  Gb  rtx_kernel.o [2]
osKernelStart                0x5729    0x34  Code  Gb  rtx_kernel.o [2]
osMessageQueueGet            0x44b5    0x90  Code  Gb  rtx_msgqueue.o [2]
osMessageQueueNew            0x43dd    0x3e  Code  Gb  rtx_msgqueue.o [2]
osMessageQueuePut            0x441d    0x98  Code  Gb  rtx_msgqueue.o [2]
osRtxConfig                  0x5fe8    0x68  Data  Gb  rtx_lib.o [1]
osRtxErrorNotify             0x5b3b    0x20  Code  Wk  RTX_Config.o [1]
osRtxIdleThread              0x1a03     0x2  Code  Wk  RTX_Config.o [1]
osRtxInfo               0x2000'0000    0xa4  Data  Gb  rtx_kernel.o [2]
osRtxKernelPreInit           0x5e5f     0x2  Code  Gb  rtx_lib.o [1]
osRtxMemoryAlloc             0x5889    0x82  Code  Wk  rtx_memory.o [2]
osRtxMemoryFree              0x5915    0x4c  Code  Wk  rtx_memory.o [2]
osRtxMemoryInit              0x5d9f    0x46  Code  Wk  rtx_memory.o [2]
osRtxMemoryPoolAlloc         0x57ed    0x44  Code  Gb  rtx_mempool.o [2]
osRtxMemoryPoolFree          0x5831    0x56  Code  Gb  rtx_mempool.o [2]
osRtxMemoryPoolInit          0x57a1    0x4a  Code  Gb  rtx_mempool.o [2]
osRtxMessageQueuePostProcess
                             0x3fcb    0xe6  Code  Lc  rtx_msgqueue.o [2]
osRtxMutexOwnerRelease       0x5961    0x50  Code  Gb  rtx_mutex.o [2]
osRtxPendSV_Handler          0x5a35    0x8a  Code  Gb  rtx_system.o [2]
osRtxPostProcess             0x5ac1    0x6e  Code  Gb  rtx_system.o [2]
osRtxThreadBlock             0x36e5    0x34  Code  Lc  rtx_thread.o [2]
osRtxThreadDelayInsert       0x3539    0x66  Code  Lc  rtx_thread.o [2]
osRtxThreadDelayRemove       0x359f    0x44  Code  Lc  rtx_thread.o [2]
osRtxThreadDelayTick         0x35e3    0xee  Code  Gb  rtx_thread.o [2]
osRtxThreadDispatch          0x3735    0x54  Code  Gb  rtx_thread.o [2]
osRtxThreadFree              0x3a67    0x56  Code  Lc  rtx_thread.o [2]
osRtxThreadListGet           0x3507    0x14  Code  Gb  rtx_thread.o [2]
osRtxThreadListPut           0x34e5    0x22  Code  Gb  rtx_thread.o [2]
osRtxThreadListRemove        0x351b    0x16  Code  Gb  rtx_thread.o [2]
osRtxThreadPostProcess       0x37fd    0x54  Code  Lc  rtx_thread.o [2]
osRtxThreadReadyPut          0x3531     0x8  Code  Gb  rtx_thread.o [2]
osRtxThreadRegPtr            0x36d1    0x14  Code  Gb  rtx_thread.o [2]
osRtxThreadStartup           0x3ca3    0x32  Code  Gb  rtx_thread.o [2]
osRtxThreadSwitch            0x3719    0x1c  Code  Gb  rtx_thread.o [2]
osRtxThreadWaitEnter         0x37c3    0x3a  Code  Gb  rtx_thread.o [2]
osRtxThreadWaitExit          0x378f    0x2e  Code  Gb  rtx_thread.o [2]
osRtxTick_Handler            0x59c5    0x6e  Code  Gb  rtx_system.o [2]
osRtxTimerThread             0x481d    0x44  Code  Wk  rtx_timer.o [2]
osRtxTimerTick               0x4643    0x54  Code  Lc  rtx_timer.o [2]
osRtxUserSVC                 0x6320     0x4  Data  Wk  rtx_lib.o [1]
osThreadExit                 0x3d55    0x16  Code  Gb  rtx_thread.o [2]
osThreadFlagsSet             0x3d75    0x7a  Code  Gb  rtx_thread.o [2]
osThreadFlagsWait            0x3df5    0x42  Code  Gb  rtx_thread.o [2]
osThreadNew                  0x3cd5    0x40  Code  Gb  rtx_thread.o [2]
osThreadYield                0x3d15    0x36  Code  Gb  rtx_thread.o [2]
osTimerNew                   0x4789    0x42  Code  Gb  rtx_timer.o [2]
osTimerStart                 0x47cd    0x3e  Code  Gb  rtx_timer.o [2]
os_idle_thread_attr          0x619c    0x24  Data  Lc  rtx_lib.o [1]
os_idle_thread_cb       0x2000'22a0    0x44  Data  Lc  rtx_lib.o [1]
os_idle_thread_stack    0x2000'1fd0   0x100  Data  Lc  rtx_lib.o [1]
os_isr_queue            0x2000'2328    0x40  Data  Lc  rtx_lib.o [1]
os_mem                  0x2000'00d8  0x1000  Data  Lc  rtx_lib.o [1]
os_mpi_def_stack        0x2000'00bc    0x18  Data  Lc  rtx_lib.o [1]
os_mpi_thread           0x2000'00a4    0x18  Data  Lc  rtx_lib.o [1]
os_thread_cb            0x2000'1e38   0x198  Data  Lc  rtx_lib.o [1]
os_thread_def_stack     0x2000'10d8   0x960  Data  Lc  rtx_lib.o [1]
os_timer_mq_attr             0x625c    0x18  Data  Lc  rtx_lib.o [1]
os_timer_mq_cb          0x2000'2368    0x34  Data  Lc  rtx_lib.o [1]
os_timer_mq_data        0x2000'2250    0x50  Data  Lc  rtx_lib.o [1]
os_timer_thread_attr         0x61c0    0x24  Data  Lc  rtx_lib.o [1]
os_timer_thread_cb      0x2000'22e4    0x44  Data  Lc  rtx_lib.o [1]
os_timer_thread_stack   0x2000'20d0   0x100  Data  Lc  rtx_lib.o [1]
pows                         0x60a0    0x48  Data  Lc  strto64.o [5]
ranmatch                      0xefd    0x42  Code  Lc  xscanffull_nomb.o [3]
scalbln                      0x169d          Code  Gb  ldexp.o [5]
scalblnl                     0x169d          Code  Gb  ldexp.o [5]
scalbn                       0x169d          Code  Gb  ldexp.o [5]
scalbnl                      0x169d          Code  Gb  ldexp.o [5]
sec_hand                0x2000'2414     0x4  Data  Lc  xfail_s.o [3]
sscanf                       0x45bd    0x28  Code  Gb  sscanf.o [3]
strchr                       0x115d          Code  Gb  strchr.o [6]
strtoll                      0x1aa9     0x2  Code  Gb  iar_Stollx.o [3]
strtoull                     0x19fd     0x2  Code  Gb  iar_Stoullx.o [3]
svcRtxDelay                  0x4559    0x24  Code  Lc  rtx_delay.o [2]
svcRtxKernelGetState         0x5607    0x12  Code  Lc  rtx_kernel.o [2]
svcRtxKernelInitialize       0x54f1   0x116  Code  Lc  rtx_kernel.o [2]
svcRtxKernelStart            0x5619    0x98  Code  Lc  rtx_kernel.o [2]
svcRtxMessageQueueGet        0x42d5   0x108  Code  Lc  rtx_msgqueue.o [2]
svcRtxMessageQueueNew        0x40b1   0x130  Code  Lc  rtx_msgqueue.o [2]
svcRtxMessageQueuePut        0x41e1    0xf4  Code  Lc  rtx_msgqueue.o [2]
svcRtxThreadExit             0x3abd    0x8e  Code  Lc  rtx_thread.o [2]
svcRtxThreadFlagsSet         0x3b4d    0x9c  Code  Lc  rtx_thread.o [2]
svcRtxThreadFlagsWait        0x3bed    0xb6  Code  Lc  rtx_thread.o [2]
svcRtxThreadNew              0x3851   0x1ce  Code  Lc  rtx_thread.o [2]
svcRtxThreadYield            0x3a25    0x42  Code  Lc  rtx_thread.o [2]
svcRtxTimerNew               0x4697    0x9c  Code  Lc  rtx_timer.o [2]
svcRtxTimerStart             0x4733    0x48  Code  Lc  rtx_timer.o [2]
tid_UART_READ           0x2000'23d8     0x4  Data  Gb  S11_G06_Lab3.o [1]
tid_UART_WRITE          0x2000'23dc     0x4  Data  Gb  S11_G06_Lab3.o [1]
tid_elevC               0x2000'23cc     0x4  Data  Gb  S11_G06_Lab3.o [1]
tid_elevD               0x2000'23d0     0x4  Data  Gb  S11_G06_Lab3.o [1]
tid_elevE               0x2000'23d4     0x4  Data  Gb  S11_G06_Lab3.o [1]
timerc_id               0x2000'23e0     0x4  Data  Gb  S11_G06_Lab3.o [1]
timerd_id               0x2000'23e4     0x4  Data  Gb  S11_G06_Lab3.o [1]
timere_id               0x2000'23e8     0x4  Data  Gb  S11_G06_Lab3.o [1]


[1] = C:\Users\Leonaldo Junior\Desktop\RTOS elevador v1 (1)\CMSIS RTOS 2\EK-TM4C1294_RTOS_IAR8\Projects\S11_G06_Lab3\Debug\Obj
[2] = RTX_CM.a
[3] = dl7M_tln.a
[4] = driverlib.a
[5] = m7M_tls.a
[6] = rt7M_tl.a
[7] = shb_l.a

  24'774 bytes of readonly  code memory
     655 bytes of readonly  data memory
  42'029 bytes of readwrite data memory

Errors: none
Warnings: none
